###############################################################################
#
# IAR ELF Linker V7.20.2.7424/W32 for ARM                 28/Jan/2015  11:07:12
# Copyright 2007-2014 IAR Systems AB.
#
#    Output file  =  
#        D:\REPOSITORY\CUBE_MATRIX\CUBE_MATRIX\matrix3x2\Projects\EWARM\matrix3x2
#        Configuration\Exe\matrix3x2 Configuration.out
#    Map file     =  
#        D:\REPOSITORY\CUBE_MATRIX\CUBE_MATRIX\matrix3x2\Projects\EWARM\matrix3x2
#        Configuration/List\matrix3x2 Configuration.map
#    Command line =  
#        "D:\REPOSITORY\CUBE_MATRIX\CUBE_MATRIX\matrix3x2\Projects\EWARM\matrix3x2
#        Configuration\Obj\main.o"
#        "D:\REPOSITORY\CUBE_MATRIX\CUBE_MATRIX\matrix3x2\Projects\EWARM\matrix3x2
#        Configuration\Obj\startup_stm32f303xc.o"
#        "D:\REPOSITORY\CUBE_MATRIX\CUBE_MATRIX\matrix3x2\Projects\EWARM\matrix3x2
#        Configuration\Obj\stm32f3xx_hal.o"
#        "D:\REPOSITORY\CUBE_MATRIX\CUBE_MATRIX\matrix3x2\Projects\EWARM\matrix3x2
#        Configuration\Obj\stm32f3xx_hal_cortex.o"
#        "D:\REPOSITORY\CUBE_MATRIX\CUBE_MATRIX\matrix3x2\Projects\EWARM\matrix3x2
#        Configuration\Obj\stm32f3xx_hal_dma.o"
#        "D:\REPOSITORY\CUBE_MATRIX\CUBE_MATRIX\matrix3x2\Projects\EWARM\matrix3x2
#        Configuration\Obj\stm32f3xx_hal_flash.o"
#        "D:\REPOSITORY\CUBE_MATRIX\CUBE_MATRIX\matrix3x2\Projects\EWARM\matrix3x2
#        Configuration\Obj\stm32f3xx_hal_flash_ex.o"
#        "D:\REPOSITORY\CUBE_MATRIX\CUBE_MATRIX\matrix3x2\Projects\EWARM\matrix3x2
#        Configuration\Obj\stm32f3xx_hal_gpio.o"
#        "D:\REPOSITORY\CUBE_MATRIX\CUBE_MATRIX\matrix3x2\Projects\EWARM\matrix3x2
#        Configuration\Obj\stm32f3xx_hal_msp.o"
#        "D:\REPOSITORY\CUBE_MATRIX\CUBE_MATRIX\matrix3x2\Projects\EWARM\matrix3x2
#        Configuration\Obj\stm32f3xx_hal_pwr.o"
#        "D:\REPOSITORY\CUBE_MATRIX\CUBE_MATRIX\matrix3x2\Projects\EWARM\matrix3x2
#        Configuration\Obj\stm32f3xx_hal_pwr_ex.o"
#        "D:\REPOSITORY\CUBE_MATRIX\CUBE_MATRIX\matrix3x2\Projects\EWARM\matrix3x2
#        Configuration\Obj\stm32f3xx_hal_rcc.o"
#        "D:\REPOSITORY\CUBE_MATRIX\CUBE_MATRIX\matrix3x2\Projects\EWARM\matrix3x2
#        Configuration\Obj\stm32f3xx_hal_rcc_ex.o"
#        "D:\REPOSITORY\CUBE_MATRIX\CUBE_MATRIX\matrix3x2\Projects\EWARM\matrix3x2
#        Configuration\Obj\stm32f3xx_hal_spi.o"
#        "D:\REPOSITORY\CUBE_MATRIX\CUBE_MATRIX\matrix3x2\Projects\EWARM\matrix3x2
#        Configuration\Obj\stm32f3xx_hal_tim.o"
#        "D:\REPOSITORY\CUBE_MATRIX\CUBE_MATRIX\matrix3x2\Projects\EWARM\matrix3x2
#        Configuration\Obj\stm32f3xx_hal_tim_ex.o"
#        "D:\REPOSITORY\CUBE_MATRIX\CUBE_MATRIX\matrix3x2\Projects\EWARM\matrix3x2
#        Configuration\Obj\stm32f3xx_it.o"
#        "D:\REPOSITORY\CUBE_MATRIX\CUBE_MATRIX\matrix3x2\Projects\EWARM\matrix3x2
#        Configuration\Obj\system_stm32f3xx.o" --redirect _Printf=_PrintfFull
#        --redirect _Scanf=_ScanfFull -o
#        "D:\REPOSITORY\CUBE_MATRIX\CUBE_MATRIX\matrix3x2\Projects\EWARM\matrix3x2
#        Configuration\Exe\matrix3x2 Configuration.out" --map
#        "D:\REPOSITORY\CUBE_MATRIX\CUBE_MATRIX\matrix3x2\Projects\EWARM\matrix3x2
#        Configuration/List\matrix3x2 Configuration.map" --config "C:\Program
#        Files (x86)\IAR Systems\Embedded Workbench
#        7.0\arm\config\linker\ST\stm32f303xC.icf" --semihosting --entry
#        __iar_program_start --vfe
#
###############################################################################

*******************************************************************************
*** RUNTIME MODEL ATTRIBUTES
***

CppFlavor       = *
__SystemLibrary = DLib


*******************************************************************************
*** PLACEMENT SUMMARY
***

"A1":  place at 0x08000000 { ro section .intvec };
"P1":  place in [from 0x08000000 to 0x0803ffff] { ro };
"P2":  place in [from 0x20000000 to 0x20009fff] { rw, block CSTACK, block HEAP };

  Section            Kind        Address    Size  Object
  -------            ----        -------    ----  ------
"A1":                                      0x188
  .intvec            ro code  0x08000000   0x188  startup_stm32f303xc.o [1]
                            - 0x08000188   0x188

"P1":                                     0x16cc
  .text              ro code  0x08000188   0x42c  main.o [1]
  .text              ro code  0x080005b4   0x366  stm32f3xx_hal_spi.o [1]
  .text              ro code  0x0800091a    0x2e  copy_init3.o [5]
  .text              ro code  0x08000948   0x1b4  stm32f3xx_hal_gpio.o [1]
  .text              ro code  0x08000afc    0x5c  stm32f3xx_hal.o [1]
  .text              ro code  0x08000b58   0x23c  stm32f3xx_hal_tim.o [1]
  .text              ro code  0x08000d94    0x58  stm32f3xx_hal_tim_ex.o [1]
  .text              ro code  0x08000dec   0x314  stm32f3xx_hal_rcc_ex.o [1]
  .text              ro code  0x08001100   0x1e8  stm32f3xx_hal_rcc.o [1]
  .text              ro code  0x080012e8    0xe2  stm32f3xx_hal_cortex.o [1]
  .text              ro code  0x080013ca    0x22  zero_init3.o [5]
  .text              ro code  0x080013ec    0xac  stm32f3xx_hal_msp.o [1]
  .text              ro code  0x08001498    0x6c  system_stm32f3xx.o [1]
  .text              ro code  0x08001504    0x28  stm32f3xx_it.o [1]
  .text              ro code  0x0800152c    0x28  data_init.o [5]
  .iar.init_table    const    0x08001554    0x24  - Linker created -
  .text              ro code  0x08001578    0x1a  fpinit_M.o [4]
  .text              ro code  0x08001594    0x1a  cmain.o [5]
  .text              ro code  0x080015ae     0x4  low_level_init.o [3]
  .text              ro code  0x080015b2     0x4  exit.o [3]
  .text              ro code  0x080015b8     0xa  cexit.o [5]
  .text              ro code  0x080015c4    0x14  exit.o [6]
  .text              ro code  0x080015d8    0x10  startup_stm32f303xc.o [1]
  .text              ro code  0x080015e8     0xc  cstartup_M.o [5]
  .text              ro code  0x080015f4     0x4  startup_stm32f303xc.o [1]
  .text              ro code  0x080015f8     0x4  startup_stm32f303xc.o [1]
  .text              ro code  0x080015fc     0x4  startup_stm32f303xc.o [1]
  .text              ro code  0x08001600     0x4  startup_stm32f303xc.o [1]
  .text              ro code  0x08001604     0x4  startup_stm32f303xc.o [1]
  .text              ro code  0x08001608     0x4  startup_stm32f303xc.o [1]
  .text              ro code  0x0800160c     0x4  startup_stm32f303xc.o [1]
  .text              ro code  0x08001610     0x4  startup_stm32f303xc.o [1]
  .text              ro code  0x08001614     0x4  startup_stm32f303xc.o [1]
  .text              ro code  0x08001618     0x4  startup_stm32f303xc.o [1]
  .text              ro code  0x0800161c     0x4  startup_stm32f303xc.o [1]
  .text              ro code  0x08001620     0x4  startup_stm32f303xc.o [1]
  .text              ro code  0x08001624     0x4  startup_stm32f303xc.o [1]
  .text              ro code  0x08001628     0x4  startup_stm32f303xc.o [1]
  .text              ro code  0x0800162c     0x4  startup_stm32f303xc.o [1]
  .text              ro code  0x08001630     0x4  startup_stm32f303xc.o [1]
  .text              ro code  0x08001634     0x4  startup_stm32f303xc.o [1]
  .text              ro code  0x08001638     0x4  startup_stm32f303xc.o [1]
  .text              ro code  0x0800163c     0x4  startup_stm32f303xc.o [1]
  .text              ro code  0x08001640     0x4  startup_stm32f303xc.o [1]
  .text              ro code  0x08001644     0x4  startup_stm32f303xc.o [1]
  .text              ro code  0x08001648     0x4  startup_stm32f303xc.o [1]
  .text              ro code  0x0800164c     0x4  startup_stm32f303xc.o [1]
  .text              ro code  0x08001650     0x4  startup_stm32f303xc.o [1]
  .text              ro code  0x08001654     0x4  startup_stm32f303xc.o [1]
  .text              ro code  0x08001658     0x4  startup_stm32f303xc.o [1]
  .text              ro code  0x0800165c     0x4  startup_stm32f303xc.o [1]
  .text              ro code  0x08001660     0x4  startup_stm32f303xc.o [1]
  .text              ro code  0x08001664     0x4  startup_stm32f303xc.o [1]
  .text              ro code  0x08001668     0x4  startup_stm32f303xc.o [1]
  .text              ro code  0x0800166c     0x4  startup_stm32f303xc.o [1]
  .text              ro code  0x08001670     0x4  startup_stm32f303xc.o [1]
  .text              ro code  0x08001674     0x4  startup_stm32f303xc.o [1]
  .text              ro code  0x08001678     0x4  startup_stm32f303xc.o [1]
  .text              ro code  0x0800167c     0x4  startup_stm32f303xc.o [1]
  .text              ro code  0x08001680     0x4  startup_stm32f303xc.o [1]
  .text              ro code  0x08001684     0x4  startup_stm32f303xc.o [1]
  .text              ro code  0x08001688     0x4  startup_stm32f303xc.o [1]
  .text              ro code  0x0800168c     0x4  startup_stm32f303xc.o [1]
  .text              ro code  0x08001690     0x4  startup_stm32f303xc.o [1]
  .text              ro code  0x08001694     0x4  startup_stm32f303xc.o [1]
  .text              ro code  0x08001698     0x4  startup_stm32f303xc.o [1]
  .text              ro code  0x0800169c     0x4  startup_stm32f303xc.o [1]
  .text              ro code  0x080016a0     0x4  startup_stm32f303xc.o [1]
  .text              ro code  0x080016a4     0x4  startup_stm32f303xc.o [1]
  .text              ro code  0x080016a8     0x4  startup_stm32f303xc.o [1]
  .text              ro code  0x080016ac     0x4  startup_stm32f303xc.o [1]
  .text              ro code  0x080016b0     0x4  startup_stm32f303xc.o [1]
  .text              ro code  0x080016b4     0x4  startup_stm32f303xc.o [1]
  .text              ro code  0x080016b8     0x4  startup_stm32f303xc.o [1]
  .text              ro code  0x080016bc     0x4  startup_stm32f303xc.o [1]
  .text              ro code  0x080016c0     0x4  startup_stm32f303xc.o [1]
  .text              ro code  0x080016c4     0x4  startup_stm32f303xc.o [1]
  .text              ro code  0x080016c8     0x4  startup_stm32f303xc.o [1]
  .text              ro code  0x080016cc     0x4  startup_stm32f303xc.o [1]
  .text              ro code  0x080016d0     0x4  startup_stm32f303xc.o [1]
  .text              ro code  0x080016d4     0x4  startup_stm32f303xc.o [1]
  .text              ro code  0x080016d8     0x4  startup_stm32f303xc.o [1]
  .text              ro code  0x080016dc     0x4  startup_stm32f303xc.o [1]
  .text              ro code  0x080016e0     0x4  startup_stm32f303xc.o [1]
  .text              ro code  0x080016e4     0x4  startup_stm32f303xc.o [1]
  .text              ro code  0x080016e8     0x4  startup_stm32f303xc.o [1]
  .text              ro code  0x080016ec     0x4  startup_stm32f303xc.o [1]
  .text              ro code  0x080016f0     0x4  startup_stm32f303xc.o [1]
  .text              ro code  0x080016f4     0x4  startup_stm32f303xc.o [1]
  .text              ro code  0x080016f8     0x4  startup_stm32f303xc.o [1]
  .text              ro code  0x080016fc     0x4  startup_stm32f303xc.o [1]
  .text              ro code  0x08001700     0x4  startup_stm32f303xc.o [1]
  .text              ro code  0x08001704     0x4  startup_stm32f303xc.o [1]
  .text              ro code  0x08001708     0x4  startup_stm32f303xc.o [1]
  .text              ro code  0x0800170c     0x4  startup_stm32f303xc.o [1]
  .rodata            const    0x08001710     0x0  zero_init3.o [5]
  .rodata            const    0x08001710     0x0  copy_init3.o [5]
  Initializer bytes  ro data  0x08001710   0x144  <for P2 s0>
                            - 0x08001854  0x16cc

"P2":                                     0x2220
  P2 s0                       0x20000000   0x144  <Init block>
    .data            inited   0x20000000    0x78  main.o [1]
    .data            inited   0x20000078    0x30  main.o [1]
    .data            inited   0x200000a8    0x30  main.o [1]
    .data            inited   0x200000d8    0x2c  main.o [1]
    .data            inited   0x20000104    0x2c  main.o [1]
    .data            inited   0x20000130    0x14  system_stm32f3xx.o [1]
  .bss               zero     0x20000144    0x60  main.o [1]
  .bss               zero     0x200001a4    0x3c  main.o [1]
  .bss               zero     0x200001e0    0x20  main.o [1]
  .bss               zero     0x20000200    0x18  main.o [1]
  .bss               zero     0x20000218     0x4  stm32f3xx_hal.o [1]
  CSTACK                      0x20000220  0x2000  <Block>
    CSTACK           uninit   0x20000220  0x2000  <Block tail>
                            - 0x20002220  0x2220


*******************************************************************************
*** INIT TABLE
***

          Address     Size
          -------     ----
Zero (__iar_zero_init3)
    1 destination range, total size 0xd8:
          0x20000144   0xd8

Copy (__iar_copy_init3)
    1 source range, total size 0x144:
          0x08001710  0x144
    1 destination range, total size 0x144:
          0x20000000  0x144



*******************************************************************************
*** MODULE SUMMARY
***

    Module                  ro code  ro data  rw data
    ------                  -------  -------  -------
D:\REPOSITORY\CUBE_MATRIX\CUBE_MATRIX\matrix3x2\Projects\EWARM\matrix3x2 Configuration\Obj: [1]
    main.o                    1 068      304      516
    startup_stm32f303xc.o       692
    stm32f3xx_hal.o              92                 4
    stm32f3xx_hal_cortex.o      226
    stm32f3xx_hal_gpio.o        436
    stm32f3xx_hal_msp.o         172
    stm32f3xx_hal_rcc.o         488
    stm32f3xx_hal_rcc_ex.o      788
    stm32f3xx_hal_spi.o         870
    stm32f3xx_hal_tim.o         572
    stm32f3xx_hal_tim_ex.o       88
    stm32f3xx_it.o               40
    system_stm32f3xx.o          108       20       20
    -------------------------------------------------
    Total:                    5 640      324      540

command line: [2]
    -------------------------------------------------
    Total:

dl7M_tln.a: [3]
    exit.o                        4
    low_level_init.o              4
    -------------------------------------------------
    Total:                        8

m7M_tlv.a: [4]
    fpinit_M.o                   26
    -------------------------------------------------
    Total:                       26

rt7M_tl.a: [5]
    cexit.o                      10
    cmain.o                      26
    copy_init3.o                 46
    cstartup_M.o                 12
    data_init.o                  40
    zero_init3.o                 34
    -------------------------------------------------
    Total:                      168

shb_l.a: [6]
    exit.o                       20
    -------------------------------------------------
    Total:                       20

    Gaps                          6
    Linker created                        36    8 192
-----------------------------------------------------
    Grand Total:              5 868      360    8 732


*******************************************************************************
*** ENTRY LIST
***

Entry                      Address   Size  Type      Object
-----                      -------   ----  ----      ------
?main                   0x08001595         Code  Gb  cmain.o [5]
AHBPrescTable           0x20000130   0x10  Data  Gb  system_stm32f3xx.o [1]
APBAHBPrescTable        0x080012d8   0x10  Data  Gb  stm32f3xx_hal_rcc.o [1]
CSTACK$$Base            0x20000220          --   Gb  - Linker created -
CSTACK$$Limit           0x20002220          --   Gb  - Linker created -
EXTI0_IRQHandler        0x08001519    0x6  Code  Gb  stm32f3xx_it.o [1]
HAL_GPIO_EXTI_Callback  0x08000557   0x22  Code  Gb  main.o [1]
HAL_GPIO_EXTI_IRQHandler
                        0x08000ac1   0x14  Code  Gb  stm32f3xx_hal_gpio.o [1]
HAL_GPIO_Init           0x08000949  0x16e  Code  Gb  stm32f3xx_hal_gpio.o [1]
HAL_GPIO_WritePin       0x08000ab7    0xa  Code  Gb  stm32f3xx_hal_gpio.o [1]
HAL_GetTick             0x08000b4b    0x6  Code  Wk  stm32f3xx_hal.o [1]
HAL_IncTick             0x08000b41    0xa  Code  Wk  stm32f3xx_hal.o [1]
HAL_Init                0x08000afd   0x20  Code  Gb  stm32f3xx_hal.o [1]
HAL_InitTick            0x08000b1d   0x24  Code  Wk  stm32f3xx_hal.o [1]
HAL_MspInit             0x080013ed   0x18  Code  Gb  stm32f3xx_hal_msp.o [1]
HAL_NVIC_EnableIRQ      0x0800136b    0xc  Code  Gb  stm32f3xx_hal_cortex.o [1]
HAL_NVIC_SetPriority    0x08001327   0x44  Code  Gb  stm32f3xx_hal_cortex.o [1]
HAL_NVIC_SetPriorityGrouping
                        0x0800130d   0x1a  Code  Gb  stm32f3xx_hal_cortex.o [1]
HAL_RCC_ClockConfig     0x08001101  0x19a  Code  Gb  stm32f3xx_hal_rcc.o [1]
HAL_RCC_GetHCLKFreq     0x080012a9   0x1e  Code  Gb  stm32f3xx_hal_rcc.o [1]
HAL_RCC_GetSysClockFreq
                        0x0800108b   0x3a  Code  Gb  stm32f3xx_hal_rcc_ex.o [1]
HAL_RCC_OscConfig       0x08000ded  0x296  Code  Gb  stm32f3xx_hal_rcc_ex.o [1]
HAL_SPI_Init            0x080005b5   0xae  Code  Gb  stm32f3xx_hal_spi.o [1]
HAL_SPI_MspInit         0x08001405   0x38  Code  Gb  stm32f3xx_hal_msp.o [1]
HAL_SPI_Transmit        0x08000663   0xd4  Code  Gb  stm32f3xx_hal_spi.o [1]
HAL_SYSTICK_Callback    0x080013c9    0x2  Code  Wk  stm32f3xx_hal_cortex.o [1]
HAL_SYSTICK_Config      0x0800137f   0x28  Code  Gb  stm32f3xx_hal_cortex.o [1]
HAL_SYSTICK_IRQHandler  0x080013c1    0x8  Code  Gb  stm32f3xx_hal_cortex.o [1]
HAL_TIMEx_BreakCallback
                        0x08000deb    0x2  Code  Wk  stm32f3xx_hal_tim_ex.o [1]
HAL_TIMEx_CommutationCallback
                        0x08000de9    0x2  Code  Wk  stm32f3xx_hal_tim_ex.o [1]
HAL_TIMEx_MasterConfigSynchronization
                        0x08000d95   0x4c  Code  Gb  stm32f3xx_hal_tim_ex.o [1]
HAL_TIM_Base_Init       0x08000b59   0x18  Code  Gb  stm32f3xx_hal_tim.o [1]
HAL_TIM_Base_MspInit    0x0800143d   0x46  Code  Gb  stm32f3xx_hal_msp.o [1]
HAL_TIM_Base_Start_IT   0x08000b71   0x16  Code  Gb  stm32f3xx_hal_tim.o [1]
HAL_TIM_IC_CaptureCallback
                        0x08000ceb    0x2  Code  Wk  stm32f3xx_hal_tim.o [1]
HAL_TIM_IRQHandler      0x08000b9f  0x14a  Code  Gb  stm32f3xx_hal_tim.o [1]
HAL_TIM_OC_DelayElapsedCallback
                        0x08000ce9    0x2  Code  Wk  stm32f3xx_hal_tim.o [1]
HAL_TIM_PWM_PulseFinishedCallback
                        0x08000ced    0x2  Code  Wk  stm32f3xx_hal_tim.o [1]
HAL_TIM_PeriodElapsedCallback
                        0x080004fd   0x5a  Code  Gb  main.o [1]
HAL_TIM_TriggerCallback
                        0x08000cef    0x2  Code  Wk  stm32f3xx_hal_tim.o [1]
MX_GPIO_Init            0x08000435   0xb0  Code  Lc  main.o [1]
NVIC_GetPriorityGrouping
                        0x080012e9    0xa  Code  Lc  stm32f3xx_hal_cortex.o [1]
NVIC_SetPriority        0x080012f3   0x1a  Code  Lc  stm32f3xx_hal_cortex.o [1]
PLLMULFactorTable       0x080010e0   0x10  Data  Gb  stm32f3xx_hal_rcc_ex.o [1]
PredivFactorTable       0x080010f0   0x10  Data  Gb  stm32f3xx_hal_rcc_ex.o [1]
Region$$Table$$Base     0x08001554          --   Gb  - Linker created -
Region$$Table$$Limit    0x08001578          --   Gb  - Linker created -
SPI_EndRxTxTransaction  0x080008d5   0x30  Code  Lc  stm32f3xx_hal_spi.o [1]
SPI_WaitFifoStateUntilTimeout
                        0x0800083f   0x96  Code  Lc  stm32f3xx_hal_spi.o [1]
SPI_WaitFlagStateUntilTimeout
                        0x080007bb   0x84  Code  Lc  stm32f3xx_hal_spi.o [1]
SysTick_Handler         0x0800151f    0xe  Code  Gb  stm32f3xx_it.o [1]
SystemClock_Config      0x080003df   0x4c  Code  Gb  main.o [1]
SystemCoreClock         0x20000140    0x4  Data  Gb  system_stm32f3xx.o [1]
SystemInit              0x08001499   0x52  Code  Gb  system_stm32f3xx.o [1]
TIM6_DAC_IRQHandler     0x0800150b    0x6  Code  Gb  stm32f3xx_it.o [1]
TIM7_IRQHandler         0x08001505    0x6  Code  Gb  stm32f3xx_it.o [1]
TIM_Base_SetConfig      0x08000cf1   0x88  Code  Gb  stm32f3xx_hal_tim.o [1]
__as_entries_start      0xffffffff          --   Gb  command line/config [2]
__as_table_start        0xffffffff          --   Gb  command line/config [2]
__cmain                 0x08001595         Code  Gb  cmain.o [5]
__exit                  0x080015c5   0x14  Code  Gb  exit.o [6]
__iar_copy_init3        0x0800091b   0x2e  Code  Gb  copy_init3.o [5]
__iar_data_init3        0x0800152d   0x28  Code  Gb  data_init.o [5]
__iar_init_vfp          0x08001579         Code  Gb  fpinit_M.o [4]
__iar_program_start     0x080015e9         Code  Gb  cstartup_M.o [5]
__iar_zero_init3        0x080013cb   0x22  Code  Gb  zero_init3.o [5]
__low_level_init        0x080015af    0x4  Code  Gb  low_level_init.o [3]
__vector_table          0x08000000         Data  Gb  startup_stm32f303xc.o [1]
_call_main              0x080015a1         Code  Gb  cmain.o [5]
_exit                   0x080015b9         Code  Gb  cexit.o [5]
_main                   0x080015ab         Code  Gb  cmain.o [5]
aData_Play              0x200000d8   0x2c  Data  Gb  main.o [1]
bData_Play              0x20000078   0x30  Data  Gb  main.o [1]
bufferData              0x200001e0   0x20  Data  Gb  main.o [1]
char_Play               0x20000104   0x2c  Data  Gb  main.o [1]
countColour             0x20000022    0x2  Data  Gb  main.o [1]
countLine               0x20000020    0x2  Data  Gb  main.o [1]
counterChanges          0x20000070    0x4  Data  Gb  main.o [1]
counterLetters          0x20000074    0x4  Data  Gb  main.o [1]
create_bufferData       0x0800020d   0x30  Code  Gb  main.o [1]
create_pData            0x08000189   0x84  Code  Gb  main.o [1]
data_An                 0x20000000    0x8  Data  Gb  main.o [1]
data_Bl                 0x20000018    0x8  Data  Gb  main.o [1]
data_Gr                 0x20000008    0x8  Data  Gb  main.o [1]
data_Rd                 0x20000010    0x8  Data  Gb  main.o [1]
exit                    0x080015b3    0x4  Code  Gb  exit.o [3]
hspi1                   0x20000144   0x60  Data  Gb  main.o [1]
htim6                   0x20000024   0x3c  Data  Gb  main.o [1]
htim7                   0x200001a4   0x3c  Data  Gb  main.o [1]
lEtters                 0x20000060    0xc  Data  Gb  main.o [1]
main                    0x08000335   0xaa  Code  Gb  main.o [1]
pData                   0x20000200   0x18  Data  Gb  main.o [1]
send_Data               0x0800023d   0x36  Code  Gb  main.o [1]
set_Char                0x0800030d   0x26  Code  Gb  main.o [1]
setcolour               0x2000006c    0x4  Data  Gb  main.o [1]
uwTick                  0x20000218    0x4  Data  Lc  stm32f3xx_hal.o [1]
vData_Play              0x200000a8   0x30  Data  Gb  main.o [1]
writte_Char             0x0800028d   0x80  Code  Gb  main.o [1]
zero_matrix             0x08000273   0x18  Code  Gb  main.o [1]


[1] = D:\REPOSITORY\CUBE_MATRIX\CUBE_MATRIX\matrix3x2\Projects\EWARM\matrix3x2 Configuration\Obj
[2] = command line
[3] = dl7M_tln.a
[4] = m7M_tlv.a
[5] = rt7M_tl.a
[6] = shb_l.a

  5 868 bytes of readonly  code memory
    360 bytes of readonly  data memory
  8 732 bytes of readwrite data memory

Errors: none
Warnings: none
