###############################################################################
#
# IAR ELF Linker V7.20.2.7424/W32 for ARM                 19/Feb/2015  14:46:12
# Copyright 2007-2014 IAR Systems AB.
#
#    Output file  =  
#        D:\REPOSITORY\GIT\cube_matrix\Matrix3x2
#        401\Matrix_6_401\Projects\EWARM\Matrix_6_401
#        Configuration\Exe\Matrix_6_401 Configuration.out
#    Map file     =  
#        D:\REPOSITORY\GIT\cube_matrix\Matrix3x2
#        401\Matrix_6_401\Projects\EWARM\Matrix_6_401
#        Configuration/List\Matrix_6_401 Configuration.map
#    Command line =  
#        "D:\REPOSITORY\GIT\cube_matrix\Matrix3x2
#        401\Matrix_6_401\Projects\EWARM\Matrix_6_401 Configuration\Obj\main.o"
#        "D:\REPOSITORY\GIT\cube_matrix\Matrix3x2
#        401\Matrix_6_401\Projects\EWARM\Matrix_6_401
#        Configuration\Obj\startup_stm32f401xc.o"
#        "D:\REPOSITORY\GIT\cube_matrix\Matrix3x2
#        401\Matrix_6_401\Projects\EWARM\Matrix_6_401
#        Configuration\Obj\stm32f4xx_hal.o"
#        "D:\REPOSITORY\GIT\cube_matrix\Matrix3x2
#        401\Matrix_6_401\Projects\EWARM\Matrix_6_401
#        Configuration\Obj\stm32f4xx_hal_cortex.o"
#        "D:\REPOSITORY\GIT\cube_matrix\Matrix3x2
#        401\Matrix_6_401\Projects\EWARM\Matrix_6_401
#        Configuration\Obj\stm32f4xx_hal_dma.o"
#        "D:\REPOSITORY\GIT\cube_matrix\Matrix3x2
#        401\Matrix_6_401\Projects\EWARM\Matrix_6_401
#        Configuration\Obj\stm32f4xx_hal_dma_ex.o"
#        "D:\REPOSITORY\GIT\cube_matrix\Matrix3x2
#        401\Matrix_6_401\Projects\EWARM\Matrix_6_401
#        Configuration\Obj\stm32f4xx_hal_flash.o"
#        "D:\REPOSITORY\GIT\cube_matrix\Matrix3x2
#        401\Matrix_6_401\Projects\EWARM\Matrix_6_401
#        Configuration\Obj\stm32f4xx_hal_flash_ex.o"
#        "D:\REPOSITORY\GIT\cube_matrix\Matrix3x2
#        401\Matrix_6_401\Projects\EWARM\Matrix_6_401
#        Configuration\Obj\stm32f4xx_hal_flash_ramfunc.o"
#        "D:\REPOSITORY\GIT\cube_matrix\Matrix3x2
#        401\Matrix_6_401\Projects\EWARM\Matrix_6_401
#        Configuration\Obj\stm32f4xx_hal_gpio.o"
#        "D:\REPOSITORY\GIT\cube_matrix\Matrix3x2
#        401\Matrix_6_401\Projects\EWARM\Matrix_6_401
#        Configuration\Obj\stm32f4xx_hal_msp.o"
#        "D:\REPOSITORY\GIT\cube_matrix\Matrix3x2
#        401\Matrix_6_401\Projects\EWARM\Matrix_6_401
#        Configuration\Obj\stm32f4xx_hal_pwr.o"
#        "D:\REPOSITORY\GIT\cube_matrix\Matrix3x2
#        401\Matrix_6_401\Projects\EWARM\Matrix_6_401
#        Configuration\Obj\stm32f4xx_hal_pwr_ex.o"
#        "D:\REPOSITORY\GIT\cube_matrix\Matrix3x2
#        401\Matrix_6_401\Projects\EWARM\Matrix_6_401
#        Configuration\Obj\stm32f4xx_hal_rcc.o"
#        "D:\REPOSITORY\GIT\cube_matrix\Matrix3x2
#        401\Matrix_6_401\Projects\EWARM\Matrix_6_401
#        Configuration\Obj\stm32f4xx_hal_rcc_ex.o"
#        "D:\REPOSITORY\GIT\cube_matrix\Matrix3x2
#        401\Matrix_6_401\Projects\EWARM\Matrix_6_401
#        Configuration\Obj\stm32f4xx_hal_spi.o"
#        "D:\REPOSITORY\GIT\cube_matrix\Matrix3x2
#        401\Matrix_6_401\Projects\EWARM\Matrix_6_401
#        Configuration\Obj\stm32f4xx_hal_tim.o"
#        "D:\REPOSITORY\GIT\cube_matrix\Matrix3x2
#        401\Matrix_6_401\Projects\EWARM\Matrix_6_401
#        Configuration\Obj\stm32f4xx_hal_tim_ex.o"
#        "D:\REPOSITORY\GIT\cube_matrix\Matrix3x2
#        401\Matrix_6_401\Projects\EWARM\Matrix_6_401
#        Configuration\Obj\stm32f4xx_it.o"
#        "D:\REPOSITORY\GIT\cube_matrix\Matrix3x2
#        401\Matrix_6_401\Projects\EWARM\Matrix_6_401
#        Configuration\Obj\system_stm32f4xx.o" --redirect _Printf=_PrintfFull
#        --redirect _Scanf=_ScanfFull -o
#        "D:\REPOSITORY\GIT\cube_matrix\Matrix3x2
#        401\Matrix_6_401\Projects\EWARM\Matrix_6_401
#        Configuration\Exe\Matrix_6_401 Configuration.out" --map
#        "D:\REPOSITORY\GIT\cube_matrix\Matrix3x2
#        401\Matrix_6_401\Projects\EWARM\Matrix_6_401
#        Configuration/List\Matrix_6_401 Configuration.map" --config
#        "C:\Program Files (x86)\IAR Systems\Embedded Workbench
#        7.0\arm\config\linker\ST\stm32f401xC.icf" --semihosting --entry
#        __iar_program_start --vfe
#
###############################################################################

*******************************************************************************
*** RUNTIME MODEL ATTRIBUTES
***

CppFlavor       = *
__SystemLibrary = DLib


*******************************************************************************
*** PLACEMENT SUMMARY
***

"A1":  place at 0x08000000 { ro section .intvec };
"P1":  place in [from 0x08000000 to 0x0803ffff] { ro };
"P2":  place in [from 0x20000000 to 0x2000ffff] { rw, block CSTACK, block HEAP };

  Section            Kind        Address    Size  Object
  -------            ----        -------    ----  ------
"A1":                                      0x194
  .intvec            ro code  0x08000000   0x194  startup_stm32f401xc.o [1]
                            - 0x08000194   0x194

"P1":                                     0x1b2f
  .text              ro code  0x08000194   0x586  main.o [1]
  .text              ro code  0x0800071a    0x22  zero_init3.o [5]
  .text              ro code  0x0800073c   0x4b4  stm32f4xx_hal_rcc.o [1]
  .text              ro code  0x08000bf0   0x2a0  stm32f4xx_hal_spi.o [1]
  .text              ro code  0x08000e90   0x1f0  stm32f4xx_hal_gpio.o [1]
  .text              ro code  0x08001080    0x6c  stm32f4xx_hal.o [1]
  .text              ro code  0x080010ec   0x36a  stm32f4xx_hal_tim.o [1]
  .text              ro code  0x08001458    0xe2  stm32f4xx_hal_cortex.o [1]
  .text              ro code  0x0800153c    0xc8  stm32f4xx_hal_msp.o [1]
  .text              ro code  0x08001604     0x4  stm32f4xx_hal_tim_ex.o [1]
  .text              ro code  0x08001608   0x1c2  lz77_init.o [5]
  .text              ro code  0x080017ca     0x6  abort.o [3]
  .text              ro code  0x080017d0    0x14  exit.o [6]
  .text              ro code  0x080017e4    0x50  system_stm32f4xx.o [1]
  .text              ro code  0x08001834    0x34  stm32f4xx_it.o [1]
  .text              ro code  0x08001868    0x28  data_init.o [5]
  .iar.init_table    const    0x08001890    0x2c  - Linker created -
  .text              ro code  0x080018bc    0x1a  fpinit_M.o [4]
  .text              ro code  0x080018d8    0x1a  cmain.o [5]
  .text              ro code  0x080018f2     0x4  low_level_init.o [3]
  .text              ro code  0x080018f6     0x4  exit.o [3]
  .text              ro code  0x080018fc     0xa  cexit.o [5]
  .text              ro code  0x08001908    0x10  startup_stm32f401xc.o [1]
  .text              ro code  0x08001918     0xc  cstartup_M.o [5]
  .text              ro code  0x08001924     0x4  startup_stm32f401xc.o [1]
  .text              ro code  0x08001928     0x4  startup_stm32f401xc.o [1]
  .text              ro code  0x0800192c     0x4  startup_stm32f401xc.o [1]
  .text              ro code  0x08001930     0x4  startup_stm32f401xc.o [1]
  .text              ro code  0x08001934     0x4  startup_stm32f401xc.o [1]
  .text              ro code  0x08001938     0x4  startup_stm32f401xc.o [1]
  .text              ro code  0x0800193c     0x4  startup_stm32f401xc.o [1]
  .text              ro code  0x08001940     0x4  startup_stm32f401xc.o [1]
  .text              ro code  0x08001944     0x4  startup_stm32f401xc.o [1]
  .text              ro code  0x08001948     0x4  startup_stm32f401xc.o [1]
  .text              ro code  0x0800194c     0x4  startup_stm32f401xc.o [1]
  .text              ro code  0x08001950     0x4  startup_stm32f401xc.o [1]
  .text              ro code  0x08001954     0x4  startup_stm32f401xc.o [1]
  .text              ro code  0x08001958     0x4  startup_stm32f401xc.o [1]
  .text              ro code  0x0800195c     0x4  startup_stm32f401xc.o [1]
  .text              ro code  0x08001960     0x4  startup_stm32f401xc.o [1]
  .text              ro code  0x08001964     0x4  startup_stm32f401xc.o [1]
  .text              ro code  0x08001968     0x4  startup_stm32f401xc.o [1]
  .text              ro code  0x0800196c     0x4  startup_stm32f401xc.o [1]
  .text              ro code  0x08001970     0x4  startup_stm32f401xc.o [1]
  .text              ro code  0x08001974     0x4  startup_stm32f401xc.o [1]
  .text              ro code  0x08001978     0x4  startup_stm32f401xc.o [1]
  .text              ro code  0x0800197c     0x4  startup_stm32f401xc.o [1]
  .text              ro code  0x08001980     0x4  startup_stm32f401xc.o [1]
  .text              ro code  0x08001984     0x4  startup_stm32f401xc.o [1]
  .text              ro code  0x08001988     0x4  startup_stm32f401xc.o [1]
  .text              ro code  0x0800198c     0x4  startup_stm32f401xc.o [1]
  .text              ro code  0x08001990     0x4  startup_stm32f401xc.o [1]
  .text              ro code  0x08001994     0x4  startup_stm32f401xc.o [1]
  .text              ro code  0x08001998     0x4  startup_stm32f401xc.o [1]
  .text              ro code  0x0800199c     0x4  startup_stm32f401xc.o [1]
  .text              ro code  0x080019a0     0x4  startup_stm32f401xc.o [1]
  .text              ro code  0x080019a4     0x4  startup_stm32f401xc.o [1]
  .text              ro code  0x080019a8     0x4  startup_stm32f401xc.o [1]
  .text              ro code  0x080019ac     0x4  startup_stm32f401xc.o [1]
  .text              ro code  0x080019b0     0x4  startup_stm32f401xc.o [1]
  .text              ro code  0x080019b4     0x4  startup_stm32f401xc.o [1]
  .text              ro code  0x080019b8     0x4  startup_stm32f401xc.o [1]
  .text              ro code  0x080019bc     0x4  startup_stm32f401xc.o [1]
  .text              ro code  0x080019c0     0x4  startup_stm32f401xc.o [1]
  .text              ro code  0x080019c4     0x4  startup_stm32f401xc.o [1]
  .text              ro code  0x080019c8     0x4  startup_stm32f401xc.o [1]
  .text              ro code  0x080019cc     0x4  startup_stm32f401xc.o [1]
  .text              ro code  0x080019d0     0x4  startup_stm32f401xc.o [1]
  .text              ro code  0x080019d4     0x4  startup_stm32f401xc.o [1]
  .text              ro code  0x080019d8     0x4  startup_stm32f401xc.o [1]
  .text              ro code  0x080019dc     0x4  startup_stm32f401xc.o [1]
  .text              ro code  0x080019e0     0x4  startup_stm32f401xc.o [1]
  .text              ro code  0x080019e4     0x4  startup_stm32f401xc.o [1]
  .text              ro code  0x080019e8     0x4  startup_stm32f401xc.o [1]
  .text              ro code  0x080019ec     0x4  startup_stm32f401xc.o [1]
  .text              ro code  0x080019f0     0x4  startup_stm32f401xc.o [1]
  .text              ro code  0x080019f4     0x4  startup_stm32f401xc.o [1]
  .text              ro code  0x080019f8     0x4  startup_stm32f401xc.o [1]
  .text              ro code  0x080019fc     0x4  startup_stm32f401xc.o [1]
  .text              ro code  0x08001a00     0x4  startup_stm32f401xc.o [1]
  .text              ro code  0x08001a04     0x4  startup_stm32f401xc.o [1]
  .text              ro code  0x08001a08     0x4  startup_stm32f401xc.o [1]
  .text              ro code  0x08001a0c     0x4  startup_stm32f401xc.o [1]
  .text              ro code  0x08001a10     0x4  startup_stm32f401xc.o [1]
  .rodata            const    0x08001a14     0x0  zero_init3.o [5]
  .rodata            const    0x08001a14     0x0  lz77_init.o [5]
  Initializer bytes  ro data  0x08001a14   0x2af  <for P2 s0>
                            - 0x08001cc3  0x1b2f

"P2":                                     0x2608
  P2 s0                       0x20000000   0x484  <Init block>
    .data            inited   0x20000000    0x78  main.o [1]
    .data            inited   0x20000078    0x30  main.o [1]
    .data            inited   0x200000a8    0x30  main.o [1]
    .data            inited   0x200000d8    0x2c  main.o [1]
    .data            inited   0x20000104    0x2c  main.o [1]
    .data            inited   0x20000130    0x2c  main.o [1]
    .data            inited   0x2000015c    0x2c  main.o [1]
    .data            inited   0x20000188    0x2c  main.o [1]
    .data            inited   0x200001b4    0x2c  main.o [1]
    .data            inited   0x200001e0    0x2c  main.o [1]
    .data            inited   0x2000020c    0x28  main.o [1]
    .data            inited   0x20000234    0x28  main.o [1]
    .data            inited   0x2000025c    0x28  main.o [1]
    .data            inited   0x20000284    0x28  main.o [1]
    .data            inited   0x200002ac    0x28  main.o [1]
    .data            inited   0x200002d4    0x24  main.o [1]
    .data            inited   0x200002f8    0x24  main.o [1]
    .data            inited   0x2000031c    0x24  main.o [1]
    .data            inited   0x20000340    0x24  main.o [1]
    .data            inited   0x20000364    0x24  main.o [1]
    .data            inited   0x20000388    0x20  main.o [1]
    .data            inited   0x200003a8    0x20  main.o [1]
    .data            inited   0x200003c8    0x20  main.o [1]
    .data            inited   0x200003e8    0x20  main.o [1]
    .data            inited   0x20000408    0x1c  main.o [1]
    .data            inited   0x20000424    0x1c  main.o [1]
    .data            inited   0x20000440    0x18  main.o [1]
    .data            inited   0x20000458    0x18  main.o [1]
    .data            inited   0x20000470    0x14  system_stm32f4xx.o [1]
  .bss               zero     0x20000484    0x54  main.o [1]
  .bss               zero     0x200004d8    0x3c  main.o [1]
  .bss               zero     0x20000514    0x3c  main.o [1]
  .bss               zero     0x20000550    0x3c  main.o [1]
  .bss               zero     0x2000058c    0x3c  main.o [1]
  .bss               zero     0x200005c8    0x20  main.o [1]
  .bss               zero     0x200005e8    0x18  main.o [1]
  .bss               zero     0x20000600     0x4  stm32f4xx_hal.o [1]
  CSTACK                      0x20000608  0x2000  <Block>
    CSTACK           uninit   0x20000608  0x2000  <Block tail>
                            - 0x20002608  0x2608


*******************************************************************************
*** INIT TABLE
***

          Address     Size
          -------     ----
Zero (__iar_zero_init3)
    1 destination range, total size 0x180:
          0x20000484  0x180

Copy/lz77 (__iar_lz77_init3)
    1 source range, total size 0x2af (59% of destination):
          0x08001a14  0x2af
    1 destination range, total size 0x484:
          0x20000000  0x484



*******************************************************************************
*** MODULE SUMMARY
***

    Module                  ro code  ro data  rw data
    ------                  -------  -------  -------
D:\REPOSITORY\GIT\cube_matrix\Matrix3x2 401\Matrix_6_401\Projects\EWARM\Matrix_6_401 Configuration\Obj: [1]
    main.o                    1 414      675    1 516
    startup_stm32f401xc.o       660
    stm32f4xx_hal.o             108                 4
    stm32f4xx_hal_cortex.o      226
    stm32f4xx_hal_gpio.o        496
    stm32f4xx_hal_msp.o         200
    stm32f4xx_hal_rcc.o       1 204
    stm32f4xx_hal_spi.o         672
    stm32f4xx_hal_tim.o         874
    stm32f4xx_hal_tim_ex.o        4
    stm32f4xx_it.o               52
    system_stm32f4xx.o           80       11       20
    -------------------------------------------------
    Total:                    5 990      686    1 540

command line: [2]
    -------------------------------------------------
    Total:

dl7M_tln.a: [3]
    abort.o                       6
    exit.o                        4
    low_level_init.o              4
    -------------------------------------------------
    Total:                       14

m7M_tlv.a: [4]
    fpinit_M.o                   26
    -------------------------------------------------
    Total:                       26

rt7M_tl.a: [5]
    cexit.o                      10
    cmain.o                      26
    cstartup_M.o                 12
    data_init.o                  40
    lz77_init.o                 450
    zero_init3.o                 34
    -------------------------------------------------
    Total:                      572

shb_l.a: [6]
    exit.o                       20
    -------------------------------------------------
    Total:                       20

    Gaps                         10
    Linker created                        45    8 192
-----------------------------------------------------
    Grand Total:              6 632      731    9 732


*******************************************************************************
*** ENTRY LIST
***

Entry                      Address   Size  Type      Object
-----                      -------   ----  ----      ------
?main                   0x080018d9         Code  Gb  cmain.o [5]
AHBPrescTable           0x20000470   0x10  Data  Gb  system_stm32f4xx.o [1]
APBAHBPrescTable        0x08000be0   0x10  Data  Gb  stm32f4xx_hal_rcc.o [1]
CSTACK$$Base            0x20000608          --   Gb  - Linker created -
CSTACK$$Limit           0x20002608          --   Gb  - Linker created -
Delay_ms                0x08000195   0x28  Code  Gb  main.o [1]
EXTI0_IRQHandler        0x08001835    0x6  Code  Gb  stm32f4xx_it.o [1]
HAL_GPIO_EXTI_Callback  0x08000719    0x2  Code  Gb  main.o [1]
HAL_GPIO_EXTI_IRQHandler
                        0x08001031   0x14  Code  Gb  stm32f4xx_hal_gpio.o [1]
HAL_GPIO_Init           0x08000e91  0x196  Code  Gb  stm32f4xx_hal_gpio.o [1]
HAL_GPIO_WritePin       0x08001027    0xa  Code  Gb  stm32f4xx_hal_gpio.o [1]
HAL_GetTick             0x080010df    0x6  Code  Wk  stm32f4xx_hal.o [1]
HAL_IncTick             0x080010d5    0xa  Code  Wk  stm32f4xx_hal.o [1]
HAL_Init                0x08001081   0x30  Code  Gb  stm32f4xx_hal.o [1]
HAL_InitTick            0x080010b1   0x24  Code  Wk  stm32f4xx_hal.o [1]
HAL_MspInit             0x0800153d   0x18  Code  Gb  stm32f4xx_hal_msp.o [1]
HAL_NVIC_EnableIRQ      0x080014db    0xc  Code  Gb  stm32f4xx_hal_cortex.o [1]
HAL_NVIC_SetPriority    0x08001497   0x44  Code  Gb  stm32f4xx_hal_cortex.o [1]
HAL_NVIC_SetPriorityGrouping
                        0x0800147d   0x1a  Code  Gb  stm32f4xx_hal_cortex.o [1]
HAL_RCC_ClockConfig     0x080009c1  0x17e  Code  Gb  stm32f4xx_hal_rcc.o [1]
HAL_RCC_GetHCLKFreq     0x08000b97   0x1e  Code  Gb  stm32f4xx_hal_rcc.o [1]
HAL_RCC_GetSysClockFreq
                        0x08000b4d   0x4a  Code  Gb  stm32f4xx_hal_rcc.o [1]
HAL_RCC_OscConfig       0x0800073d  0x27c  Code  Gb  stm32f4xx_hal_rcc.o [1]
HAL_SPI_Init            0x08000bf1   0x7a  Code  Gb  stm32f4xx_hal_spi.o [1]
HAL_SPI_MspInit         0x08001555   0x36  Code  Gb  stm32f4xx_hal_msp.o [1]
HAL_SPI_Transmit        0x08000c6b   0xc8  Code  Gb  stm32f4xx_hal_spi.o [1]
HAL_SYSTICK_Callback    0x08001539    0x2  Code  Wk  stm32f4xx_hal_cortex.o [1]
HAL_SYSTICK_Config      0x080014ef   0x28  Code  Gb  stm32f4xx_hal_cortex.o [1]
HAL_SYSTICK_IRQHandler  0x08001531    0x8  Code  Gb  stm32f4xx_hal_cortex.o [1]
HAL_TIMEx_BreakCallback
                        0x08001607    0x2  Code  Wk  stm32f4xx_hal_tim_ex.o [1]
HAL_TIMEx_CommutationCallback
                        0x08001605    0x2  Code  Wk  stm32f4xx_hal_tim_ex.o [1]
HAL_TIM_Base_Init       0x080010ed   0x18  Code  Gb  stm32f4xx_hal_tim.o [1]
HAL_TIM_Base_MspInit    0x0800158b   0x62  Code  Gb  stm32f4xx_hal_msp.o [1]
HAL_TIM_Base_Start_IT   0x08001105   0x16  Code  Gb  stm32f4xx_hal_tim.o [1]
HAL_TIM_ConfigClockSource
                        0x0800127d   0xb2  Code  Gb  stm32f4xx_hal_tim.o [1]
HAL_TIM_IC_CaptureCallback
                        0x08001351    0x2  Code  Wk  stm32f4xx_hal_tim.o [1]
HAL_TIM_IRQHandler      0x08001133  0x14a  Code  Gb  stm32f4xx_hal_tim.o [1]
HAL_TIM_OC_DelayElapsedCallback
                        0x0800134f    0x2  Code  Wk  stm32f4xx_hal_tim.o [1]
HAL_TIM_PWM_PulseFinishedCallback
                        0x08001353    0x2  Code  Wk  stm32f4xx_hal_tim.o [1]
HAL_TIM_PeriodElapsedCallback
                        0x0800062b   0x8e  Code  Gb  main.o [1]
HAL_TIM_TriggerCallback
                        0x08001355    0x2  Code  Wk  stm32f4xx_hal_tim.o [1]
InStream_Read           0x08001609   0x22  Code  Lc  lz77_init.o [5]
MX_GPIO_Init            0x08000493  0x13c  Code  Lc  main.o [1]
NVIC_GetPriorityGrouping
                        0x08001459    0xa  Code  Lc  stm32f4xx_hal_cortex.o [1]
NVIC_SetPriority        0x08001463   0x1a  Code  Lc  stm32f4xx_hal_cortex.o [1]
OutStream_Write         0x0800162b   0x40  Code  Lc  lz77_init.o [5]
Region$$Table$$Base     0x08001890          --   Gb  - Linker created -
Region$$Table$$Limit    0x080018bc          --   Gb  - Linker created -
SPI_WaitOnFlagUntilTimeout
                        0x08000df9   0x98  Code  Lc  stm32f4xx_hal_spi.o [1]
SysTick_Handler         0x0800183b    0xe  Code  Gb  stm32f4xx_it.o [1]
SystemClock_Config      0x08000427   0x62  Code  Gb  main.o [1]
SystemCoreClock         0x20000480    0x4  Data  Gb  system_stm32f4xx.o [1]
SystemInit              0x080017e5   0x3a  Code  Gb  system_stm32f4xx.o [1]
TIM1_BRK_TIM9_IRQHandler
                        0x08001855    0x6  Code  Gb  stm32f4xx_it.o [1]
TIM1_TRG_COM_TIM11_IRQHandler
                        0x08001849    0x6  Code  Gb  stm32f4xx_it.o [1]
TIM1_UP_TIM10_IRQHandler
                        0x0800184f    0x6  Code  Gb  stm32f4xx_it.o [1]
TIM_Base_SetConfig      0x08001357   0x72  Code  Gb  stm32f4xx_hal_tim.o [1]
TIM_ETR_SetConfig       0x08001443   0x14  Code  Lc  stm32f4xx_hal_tim.o [1]
TIM_ITRx_SetConfig      0x08001433   0x10  Code  Lc  stm32f4xx_hal_tim.o [1]
TIM_TI1_ConfigInputStage
                        0x080013ed   0x22  Code  Lc  stm32f4xx_hal_tim.o [1]
TIM_TI2_ConfigInputStage
                        0x0800140f   0x24  Code  Lc  stm32f4xx_hal_tim.o [1]
__as_entries_start      0xffffffff          --   Gb  command line/config [2]
__as_table_start        0xffffffff          --   Gb  command line/config [2]
__cmain                 0x080018d9         Code  Gb  cmain.o [5]
__exit                  0x080017d1   0x14  Code  Gb  exit.o [6]
__iar_data_init3        0x08001869   0x28  Code  Gb  data_init.o [5]
__iar_init_vfp          0x080018bd         Code  Gb  fpinit_M.o [4]
__iar_lz77_init3        0x0800166b  0x160  Code  Gb  lz77_init.o [5]
__iar_program_start     0x08001919         Code  Gb  cstartup_M.o [5]
__iar_zero_init3        0x0800071b   0x22  Code  Gb  zero_init3.o [5]
__low_level_init        0x080018f3    0x4  Code  Gb  low_level_init.o [3]
__vector_table          0x08000000         Data  Gb  startup_stm32f401xc.o [1]
_call_main              0x080018e5         Code  Gb  cmain.o [5]
_exit                   0x080018fd         Code  Gb  cexit.o [5]
_main                   0x080018ef         Code  Gb  cmain.o [5]
aData_Play              0x200000d8   0x2c  Data  Gb  main.o [1]
abort                   0x080017cb    0x6  Code  Gb  abort.o [3]
bData_Play              0x20000078   0x30  Data  Gb  main.o [1]
bufferData              0x200005c8   0x20  Data  Gb  main.o [1]
cData_Play              0x20000388   0x20  Data  Gb  main.o [1]
char_Play               0x2000058c   0x3c  Data  Gb  main.o [1]
countLine               0x2000006c    0x4  Data  Gb  main.o [1]
counterChanges          0x20000068    0x4  Data  Gb  main.o [1]
counterLetters          0x20000070    0x4  Data  Gb  main.o [1]
create_bufferData       0x08000239   0x30  Code  Gb  main.o [1]
create_pData            0x080001bd   0x7c  Code  Gb  main.o [1]
dData_Play              0x20000104   0x2c  Data  Gb  main.o [1]
data_An                 0x200003e8    0x8  Data  Gb  main.o [1]
data_Bl                 0x20000400    0x8  Data  Gb  main.o [1]
data_Gr                 0x200003f0    0x8  Data  Gb  main.o [1]
data_Rd                 0x200003f8    0x8  Data  Gb  main.o [1]
eData_Play              0x20000130   0x2c  Data  Gb  main.o [1]
exit                    0x080018f7    0x4  Code  Gb  exit.o [3]
fData_Play              0x200002d4   0x24  Data  Gb  main.o [1]
gData_Play              0x2000020c   0x28  Data  Gb  main.o [1]
hData_Play              0x2000015c   0x2c  Data  Gb  main.o [1]
hspi1                   0x20000484   0x54  Data  Gb  main.o [1]
htim10                  0x20000514   0x3c  Data  Gb  main.o [1]
htim11                  0x20000550   0x3c  Data  Gb  main.o [1]
htim9                   0x200004d8   0x3c  Data  Gb  main.o [1]
iData_Play              0x20000408   0x1c  Data  Gb  main.o [1]
jData_Play              0x20000440   0x18  Data  Gb  main.o [1]
kData_Play              0x200002f8   0x24  Data  Gb  main.o [1]
lData_Play              0x20000424   0x1c  Data  Gb  main.o [1]
lEtters                 0x20000000   0x68  Data  Gb  main.o [1]
mData_Play              0x20000188   0x2c  Data  Gb  main.o [1]
main                    0x0800034b   0xdc  Code  Gb  main.o [1]
nData_Play              0x200001b4   0x2c  Data  Gb  main.o [1]
oData_Play              0x20000234   0x28  Data  Gb  main.o [1]
pData                   0x200005e8   0x18  Data  Gb  main.o [1]
pData_Play              0x2000025c   0x28  Data  Gb  main.o [1]
qData_Play              0x200001e0   0x2c  Data  Gb  main.o [1]
rData_Play              0x200000a8   0x30  Data  Gb  main.o [1]
sData_Play              0x200003a8   0x20  Data  Gb  main.o [1]
send_Data               0x08000269   0x3a  Code  Gb  main.o [1]
set_Char                0x08000325   0x26  Code  Gb  main.o [1]
setcolour               0x20000074    0x4  Data  Gb  main.o [1]
tData_Play              0x2000031c   0x24  Data  Gb  main.o [1]
uData_Play              0x20000340   0x24  Data  Gb  main.o [1]
uwTick                  0x20000600    0x4  Data  Lc  stm32f4xx_hal.o [1]
vData_Play              0x200003c8   0x20  Data  Gb  main.o [1]
wData_Play              0x20000284   0x28  Data  Gb  main.o [1]
writte_Char             0x080002bd   0x68  Code  Gb  main.o [1]
xData_Play              0x20000364   0x24  Data  Gb  main.o [1]
yData_Play              0x20000458   0x18  Data  Gb  main.o [1]
zData_Play              0x200002ac   0x28  Data  Gb  main.o [1]
zero_matrix             0x080002a3   0x1a  Code  Gb  main.o [1]


[1] = D:\REPOSITORY\GIT\cube_matrix\Matrix3x2 401\Matrix_6_401\Projects\EWARM\Matrix_6_401 Configuration\Obj
[2] = command line
[3] = dl7M_tln.a
[4] = m7M_tlv.a
[5] = rt7M_tl.a
[6] = shb_l.a

  6 632 bytes of readonly  code memory
    731 bytes of readonly  data memory
  9 732 bytes of readwrite data memory

Errors: none
Warnings: none
