###############################################################################
#                                                                             #
# IAR ELF Linker V6.50.3.4676/W32 for ARM               13/May/2015  19:19:45 #
# Copyright 2007-2013 IAR Systems AB.                                         #
#                                                                             #
#    Output file  =  D:\REPOSITORY\GIT\cube_matrix\Matrix3x2                  #
#                    407\Matrix_6_407\EWARM\Matrix_6_407                      #
#                    Configuration\Exe\Matrix_6_407 Configuration.out         #
#    Map file     =  D:\REPOSITORY\GIT\cube_matrix\Matrix3x2                  #
#                    407\Matrix_6_407\EWARM\Matrix_6_407                      #
#                    Configuration/List\Matrix_6_407 Configuration.map        #
#    Command line =  "D:\REPOSITORY\GIT\cube_matrix\Matrix3x2                 #
#                    407\Matrix_6_407\EWARM\Matrix_6_407                      #
#                    Configuration\Obj\main.o" "D:\REPOSITORY\GIT\cube_matrix #
#                    \Matrix3x2 407\Matrix_6_407\EWARM\Matrix_6_407           #
#                    Configuration\Obj\startup_stm32f407xx.o"                 #
#                    "D:\REPOSITORY\GIT\cube_matrix\Matrix3x2                 #
#                    407\Matrix_6_407\EWARM\Matrix_6_407                      #
#                    Configuration\Obj\stm32f4xx_hal.o"                       #
#                    "D:\REPOSITORY\GIT\cube_matrix\Matrix3x2                 #
#                    407\Matrix_6_407\EWARM\Matrix_6_407                      #
#                    Configuration\Obj\stm32f4xx_hal_cortex.o"                #
#                    "D:\REPOSITORY\GIT\cube_matrix\Matrix3x2                 #
#                    407\Matrix_6_407\EWARM\Matrix_6_407                      #
#                    Configuration\Obj\stm32f4xx_hal_dma.o"                   #
#                    "D:\REPOSITORY\GIT\cube_matrix\Matrix3x2                 #
#                    407\Matrix_6_407\EWARM\Matrix_6_407                      #
#                    Configuration\Obj\stm32f4xx_hal_dma_ex.o"                #
#                    "D:\REPOSITORY\GIT\cube_matrix\Matrix3x2                 #
#                    407\Matrix_6_407\EWARM\Matrix_6_407                      #
#                    Configuration\Obj\stm32f4xx_hal_flash.o"                 #
#                    "D:\REPOSITORY\GIT\cube_matrix\Matrix3x2                 #
#                    407\Matrix_6_407\EWARM\Matrix_6_407                      #
#                    Configuration\Obj\stm32f4xx_hal_flash_ex.o"              #
#                    "D:\REPOSITORY\GIT\cube_matrix\Matrix3x2                 #
#                    407\Matrix_6_407\EWARM\Matrix_6_407                      #
#                    Configuration\Obj\stm32f4xx_hal_flash_ramfunc.o"         #
#                    "D:\REPOSITORY\GIT\cube_matrix\Matrix3x2                 #
#                    407\Matrix_6_407\EWARM\Matrix_6_407                      #
#                    Configuration\Obj\stm32f4xx_hal_gpio.o"                  #
#                    "D:\REPOSITORY\GIT\cube_matrix\Matrix3x2                 #
#                    407\Matrix_6_407\EWARM\Matrix_6_407                      #
#                    Configuration\Obj\stm32f4xx_hal_msp.o"                   #
#                    "D:\REPOSITORY\GIT\cube_matrix\Matrix3x2                 #
#                    407\Matrix_6_407\EWARM\Matrix_6_407                      #
#                    Configuration\Obj\stm32f4xx_hal_pwr.o"                   #
#                    "D:\REPOSITORY\GIT\cube_matrix\Matrix3x2                 #
#                    407\Matrix_6_407\EWARM\Matrix_6_407                      #
#                    Configuration\Obj\stm32f4xx_hal_pwr_ex.o"                #
#                    "D:\REPOSITORY\GIT\cube_matrix\Matrix3x2                 #
#                    407\Matrix_6_407\EWARM\Matrix_6_407                      #
#                    Configuration\Obj\stm32f4xx_hal_rcc.o"                   #
#                    "D:\REPOSITORY\GIT\cube_matrix\Matrix3x2                 #
#                    407\Matrix_6_407\EWARM\Matrix_6_407                      #
#                    Configuration\Obj\stm32f4xx_hal_rcc_ex.o"                #
#                    "D:\REPOSITORY\GIT\cube_matrix\Matrix3x2                 #
#                    407\Matrix_6_407\EWARM\Matrix_6_407                      #
#                    Configuration\Obj\stm32f4xx_hal_spi.o"                   #
#                    "D:\REPOSITORY\GIT\cube_matrix\Matrix3x2                 #
#                    407\Matrix_6_407\EWARM\Matrix_6_407                      #
#                    Configuration\Obj\stm32f4xx_hal_tim.o"                   #
#                    "D:\REPOSITORY\GIT\cube_matrix\Matrix3x2                 #
#                    407\Matrix_6_407\EWARM\Matrix_6_407                      #
#                    Configuration\Obj\stm32f4xx_hal_tim_ex.o"                #
#                    "D:\REPOSITORY\GIT\cube_matrix\Matrix3x2                 #
#                    407\Matrix_6_407\EWARM\Matrix_6_407                      #
#                    Configuration\Obj\stm32f4xx_it.o"                        #
#                    "D:\REPOSITORY\GIT\cube_matrix\Matrix3x2                 #
#                    407\Matrix_6_407\EWARM\Matrix_6_407                      #
#                    Configuration\Obj\system_stm32f4xx.o" --redirect         #
#                    _Printf=_PrintfFull --redirect _Scanf=_ScanfFull -o      #
#                    "D:\REPOSITORY\GIT\cube_matrix\Matrix3x2                 #
#                    407\Matrix_6_407\EWARM\Matrix_6_407                      #
#                    Configuration\Exe\Matrix_6_407 Configuration.out" --map  #
#                    "D:\REPOSITORY\GIT\cube_matrix\Matrix3x2                 #
#                    407\Matrix_6_407\EWARM\Matrix_6_407                      #
#                    Configuration/List\Matrix_6_407 Configuration.map"       #
#                    --config "C:\Program Files (x86)\IAR Systems\Embedded    #
#                    Workbench 7.2\arm\config\linker\ST\stm32f407xG.icf"      #
#                    --semihosting --entry __iar_program_start --vfe          #
#                                                                             #
#                                                                             #
###############################################################################

*******************************************************************************
*** RUNTIME MODEL ATTRIBUTES
***

CppFlavor       = *
__SystemLibrary = DLib


*******************************************************************************
*** PLACEMENT SUMMARY
***

"A1":  place at 0x08000000 { ro section .intvec };
"P1":  place in [from 0x08000000 to 0x080fffff] { ro };
"P2":  place in [from 0x20000000 to 0x2001ffff] { rw, block CSTACK, block HEAP };

  Section            Kind        Address    Size  Object
  -------            ----        -------    ----  ------
"A1":                                      0x188
  .intvec            ro code  0x08000000   0x188  startup_stm32f407xx.o [1]
                            - 0x08000188   0x188

"P1":                                     0x1ba8
  .text              ro code  0x08000188   0x552  main.o [1]
  .text              ro code  0x080006da    0x22  zero_init3.o [5]
  .text              ro code  0x080006fc    0x1e  U64Shr.o [5]
  .text              ro code  0x0800071c   0x29e  stm32f4xx_hal_spi.o [1]
  .text              ro code  0x080009bc   0x1ec  stm32f4xx_hal_gpio.o [1]
  .text              ro code  0x08000ba8    0x6c  stm32f4xx_hal.o [1]
  .text              ro code  0x08000c14   0x39a  stm32f4xx_hal_tim.o [1]
  .text              ro code  0x08000fb0   0x4ac  stm32f4xx_hal_rcc.o [1]
  .text              ro code  0x0800145c    0xe2  stm32f4xx_hal_cortex.o [1]
  .text              ro code  0x08001540    0xd0  stm32f4xx_hal_msp.o [1]
  .text              ro code  0x08001610     0x4  stm32f4xx_hal_tim_ex.o [1]
  .text              ro code  0x08001614   0x1c2  lz77_init.o [5]
  .text              ro code  0x080017d6     0x6  abort.o [3]
  .text              ro code  0x080017dc    0x14  exit.o [6]
  .text              ro code  0x080017f0    0x50  system_stm32f4xx.o [1]
  .text              ro code  0x08001840    0x34  stm32f4xx_it.o [1]
  .text              ro code  0x08001874    0x28  data_init.o [5]
  .text              ro code  0x0800189c    0x22  fpinit_M.o [4]
  .iar.init_table    const    0x080018c0    0x2c  - Linker created -
  .text              ro code  0x080018ec    0x1a  cmain.o [5]
  .text              ro code  0x08001906     0x4  low_level_init.o [3]
  .text              ro code  0x0800190a     0x4  exit.o [3]
  .text              ro code  0x08001910     0xa  cexit.o [5]
  .text              ro code  0x0800191c    0x10  startup_stm32f407xx.o [1]
  .text              ro code  0x0800192c     0xc  cstartup_M.o [5]
  .text              ro code  0x08001938     0x4  startup_stm32f407xx.o [1]
  .text              ro code  0x0800193c     0x4  startup_stm32f407xx.o [1]
  .text              ro code  0x08001940     0x4  startup_stm32f407xx.o [1]
  .text              ro code  0x08001944     0x4  startup_stm32f407xx.o [1]
  .text              ro code  0x08001948     0x4  startup_stm32f407xx.o [1]
  .text              ro code  0x0800194c     0x4  startup_stm32f407xx.o [1]
  .text              ro code  0x08001950     0x4  startup_stm32f407xx.o [1]
  .text              ro code  0x08001954     0x4  startup_stm32f407xx.o [1]
  .text              ro code  0x08001958     0x4  startup_stm32f407xx.o [1]
  .text              ro code  0x0800195c     0x4  startup_stm32f407xx.o [1]
  .text              ro code  0x08001960     0x4  startup_stm32f407xx.o [1]
  .text              ro code  0x08001964     0x4  startup_stm32f407xx.o [1]
  .text              ro code  0x08001968     0x4  startup_stm32f407xx.o [1]
  .text              ro code  0x0800196c     0x4  startup_stm32f407xx.o [1]
  .text              ro code  0x08001970     0x4  startup_stm32f407xx.o [1]
  .text              ro code  0x08001974     0x4  startup_stm32f407xx.o [1]
  .text              ro code  0x08001978     0x4  startup_stm32f407xx.o [1]
  .text              ro code  0x0800197c     0x4  startup_stm32f407xx.o [1]
  .text              ro code  0x08001980     0x4  startup_stm32f407xx.o [1]
  .text              ro code  0x08001984     0x4  startup_stm32f407xx.o [1]
  .text              ro code  0x08001988     0x4  startup_stm32f407xx.o [1]
  .text              ro code  0x0800198c     0x4  startup_stm32f407xx.o [1]
  .text              ro code  0x08001990     0x4  startup_stm32f407xx.o [1]
  .text              ro code  0x08001994     0x4  startup_stm32f407xx.o [1]
  .text              ro code  0x08001998     0x4  startup_stm32f407xx.o [1]
  .text              ro code  0x0800199c     0x4  startup_stm32f407xx.o [1]
  .text              ro code  0x080019a0     0x4  startup_stm32f407xx.o [1]
  .text              ro code  0x080019a4     0x4  startup_stm32f407xx.o [1]
  .text              ro code  0x080019a8     0x4  startup_stm32f407xx.o [1]
  .text              ro code  0x080019ac     0x4  startup_stm32f407xx.o [1]
  .text              ro code  0x080019b0     0x4  startup_stm32f407xx.o [1]
  .text              ro code  0x080019b4     0x4  startup_stm32f407xx.o [1]
  .text              ro code  0x080019b8     0x4  startup_stm32f407xx.o [1]
  .text              ro code  0x080019bc     0x4  startup_stm32f407xx.o [1]
  .text              ro code  0x080019c0     0x4  startup_stm32f407xx.o [1]
  .text              ro code  0x080019c4     0x4  startup_stm32f407xx.o [1]
  .text              ro code  0x080019c8     0x4  startup_stm32f407xx.o [1]
  .text              ro code  0x080019cc     0x4  startup_stm32f407xx.o [1]
  .text              ro code  0x080019d0     0x4  startup_stm32f407xx.o [1]
  .text              ro code  0x080019d4     0x4  startup_stm32f407xx.o [1]
  .text              ro code  0x080019d8     0x4  startup_stm32f407xx.o [1]
  .text              ro code  0x080019dc     0x4  startup_stm32f407xx.o [1]
  .text              ro code  0x080019e0     0x4  startup_stm32f407xx.o [1]
  .text              ro code  0x080019e4     0x4  startup_stm32f407xx.o [1]
  .text              ro code  0x080019e8     0x4  startup_stm32f407xx.o [1]
  .text              ro code  0x080019ec     0x4  startup_stm32f407xx.o [1]
  .text              ro code  0x080019f0     0x4  startup_stm32f407xx.o [1]
  .text              ro code  0x080019f4     0x4  startup_stm32f407xx.o [1]
  .text              ro code  0x080019f8     0x4  startup_stm32f407xx.o [1]
  .text              ro code  0x080019fc     0x4  startup_stm32f407xx.o [1]
  .text              ro code  0x08001a00     0x4  startup_stm32f407xx.o [1]
  .text              ro code  0x08001a04     0x4  startup_stm32f407xx.o [1]
  .text              ro code  0x08001a08     0x4  startup_stm32f407xx.o [1]
  .text              ro code  0x08001a0c     0x4  startup_stm32f407xx.o [1]
  .text              ro code  0x08001a10     0x4  startup_stm32f407xx.o [1]
  .text              ro code  0x08001a14     0x4  startup_stm32f407xx.o [1]
  .text              ro code  0x08001a18     0x4  startup_stm32f407xx.o [1]
  .text              ro code  0x08001a1c     0x4  startup_stm32f407xx.o [1]
  .text              ro code  0x08001a20     0x4  startup_stm32f407xx.o [1]
  .text              ro code  0x08001a24     0x4  startup_stm32f407xx.o [1]
  .text              ro code  0x08001a28     0x4  startup_stm32f407xx.o [1]
  .text              ro code  0x08001a2c     0x4  startup_stm32f407xx.o [1]
  .text              ro code  0x08001a30     0x4  startup_stm32f407xx.o [1]
  .text              ro code  0x08001a34     0x4  startup_stm32f407xx.o [1]
  .text              ro code  0x08001a38     0x4  startup_stm32f407xx.o [1]
  .text              ro code  0x08001a3c     0x4  startup_stm32f407xx.o [1]
  .text              ro code  0x08001a40     0x4  startup_stm32f407xx.o [1]
  .text              ro code  0x08001a44     0x4  startup_stm32f407xx.o [1]
  .text              ro code  0x08001a48     0x4  startup_stm32f407xx.o [1]
  .text              ro code  0x08001a4c     0x4  startup_stm32f407xx.o [1]
  .text              ro code  0x08001a50     0x4  startup_stm32f407xx.o [1]
  .text              ro code  0x08001a54     0x4  startup_stm32f407xx.o [1]
  .text              ro code  0x08001a58     0x4  startup_stm32f407xx.o [1]
  .text              ro code  0x08001a5c     0x4  startup_stm32f407xx.o [1]
  .text              ro code  0x08001a60     0x4  startup_stm32f407xx.o [1]
  .text              ro code  0x08001a64     0x4  startup_stm32f407xx.o [1]
  .text              ro code  0x08001a68     0x4  startup_stm32f407xx.o [1]
  .text              ro code  0x08001a6c     0x4  startup_stm32f407xx.o [1]
  .text              ro code  0x08001a70     0x4  startup_stm32f407xx.o [1]
  .text              ro code  0x08001a74     0x4  startup_stm32f407xx.o [1]
  .text              ro code  0x08001a78     0x4  startup_stm32f407xx.o [1]
  .text              ro code  0x08001a7c     0x4  startup_stm32f407xx.o [1]
  .text              ro code  0x08001a80     0x4  startup_stm32f407xx.o [1]
  .text              ro code  0x08001a84     0x4  startup_stm32f407xx.o [1]
  .text              ro code  0x08001a88     0x4  startup_stm32f407xx.o [1]
  .rodata            const    0x08001a8c     0x0  zero_init3.o [5]
  .rodata            const    0x08001a8c     0x0  lz77_init.o [5]
  Initializer bytes  ro data  0x08001a8c   0x2a4  <for P2 s0>
                            - 0x08001d30  0x1ba8

"P2", part 1 of 3:                         0x4c8
  P2 s0                       0x20000000   0x4c8  <Init block>
    .data            inited   0x20000000    0x7c  main.o [1]
    .data            inited   0x2000007c    0x2c  main.o [1]
    .data            inited   0x200000a8    0x60  main.o [1]
    .data            inited   0x20000108    0x30  main.o [1]
    .data            inited   0x20000138    0x30  main.o [1]
    .data            inited   0x20000168    0x2c  main.o [1]
    .data            inited   0x20000194    0x2c  main.o [1]
    .data            inited   0x200001c0    0x2c  main.o [1]
    .data            inited   0x200001ec    0x2c  main.o [1]
    .data            inited   0x20000218    0x2c  main.o [1]
    .data            inited   0x20000244    0x2c  main.o [1]
    .data            inited   0x20000270    0x28  main.o [1]
    .data            inited   0x20000298    0x28  main.o [1]
    .data            inited   0x200002c0    0x28  main.o [1]
    .data            inited   0x200002e8    0x28  main.o [1]
    .data            inited   0x20000310    0x28  main.o [1]
    .data            inited   0x20000338    0x24  main.o [1]
    .data            inited   0x2000035c    0x24  main.o [1]
    .data            inited   0x20000380    0x24  main.o [1]
    .data            inited   0x200003a4    0x24  main.o [1]
    .data            inited   0x200003c8    0x24  main.o [1]
    .data            inited   0x200003ec    0x20  main.o [1]
    .data            inited   0x2000040c    0x20  main.o [1]
    .data            inited   0x2000042c    0x20  main.o [1]
    .data            inited   0x2000044c    0x1c  main.o [1]
    .data            inited   0x20000468    0x1c  main.o [1]
    .data            inited   0x20000484    0x18  main.o [1]
    .data            inited   0x2000049c    0x18  main.o [1]
    .data            inited   0x200004b4    0x14  system_stm32f4xx.o [1]
                            - 0x200004c8   0x4c8

"P2", part 2 of 3:                         0x148
  .bss               zero     0x200004c8    0x58  main.o [1]
  .bss               zero     0x20000520    0x3c  main.o [1]
  .bss               zero     0x2000055c    0x3c  main.o [1]
  .bss               zero     0x20000598    0x3c  main.o [1]
  .bss               zero     0x200005d4    0x20  main.o [1]
  .bss               zero     0x200005f4    0x18  main.o [1]
  .bss               zero     0x2000060c     0x4  stm32f4xx_hal.o [1]
                            - 0x20000610   0x148

"P2", part 3 of 3:                        0x2000
  CSTACK                      0x20000610  0x2000  <Block>
    CSTACK           uninit   0x20000610  0x2000  <Block tail>
                            - 0x20002610  0x2000


*******************************************************************************
*** INIT TABLE
***

          Address     Size
          -------     ----
Zero (__iar_zero_init3)
    1 destination range, total size 0x148:
          0x200004c8  0x148

Copy/lz77 (__iar_lz77_init3)
    1 source range, total size 0x2a4 (55% of destination):
          0x08001a8c  0x2a4
    1 destination range, total size 0x4c8:
          0x20000000  0x4c8



*******************************************************************************
*** MODULE SUMMARY
***

    Module                  ro code  ro data  rw data
    ------                  -------  -------  -------
D:\REPOSITORY\GIT\cube_matrix\Matrix3x2 407\Matrix_6_407\EWARM\Matrix_6_407 Configuration\Obj: [1]
    main.o                    1 362      664    1 528
    startup_stm32f407xx.o       748
    stm32f4xx_hal.o             108                 4
    stm32f4xx_hal_cortex.o      226
    stm32f4xx_hal_gpio.o        492
    stm32f4xx_hal_msp.o         208
    stm32f4xx_hal_rcc.o       1 196
    stm32f4xx_hal_spi.o         670
    stm32f4xx_hal_tim.o         922
    stm32f4xx_hal_tim_ex.o        4
    stm32f4xx_it.o               52
    system_stm32f4xx.o           80       12       20
    -------------------------------------------------
    Total:                    6 068      676    1 552

command line: [2]
    -------------------------------------------------
    Total:

dl7M_tln.a: [3]
    abort.o                       6
    exit.o                        4
    low_level_init.o              4
    -------------------------------------------------
    Total:                       14

m7M_tlv.a: [4]
    fpinit_M.o                   34
    -------------------------------------------------
    Total:                       34

rt7M_tl.a: [5]
    U64Shr.o                     30
    cexit.o                      10
    cmain.o                      26
    cstartup_M.o                 12
    data_init.o                  40
    lz77_init.o                 450
    zero_init3.o                 34
    -------------------------------------------------
    Total:                      602

shb_l.a: [6]
    exit.o                       20
    -------------------------------------------------
    Total:                       20

    Gaps                         12        2
    Linker created                        44    8 192
-----------------------------------------------------
    Grand Total:              6 750      722    9 744


*******************************************************************************
*** ENTRY LIST
***

Entry                      Address   Size  Type      Object
-----                      -------   ----  ----      ------
?main                   0x080018ed         Code  Gb  cmain.o [5]
ADC_IRQHandler          0x0800199d         Code  Wk  startup_stm32f407xx.o [1]
AHBPrescTable           0x200004b4   0x10  Data  Gb  system_stm32f4xx.o [1]
APBAHBPrescTable        0x0800144c   0x10  Data  Gb  stm32f4xx_hal_rcc.o [1]
BusFault_Handler        0x08001945         Code  Wk  startup_stm32f407xx.o [1]
CAN1_RX0_IRQHandler     0x080019a5         Code  Wk  startup_stm32f407xx.o [1]
CAN1_RX1_IRQHandler     0x080019a9         Code  Wk  startup_stm32f407xx.o [1]
CAN1_SCE_IRQHandler     0x080019ad         Code  Wk  startup_stm32f407xx.o [1]
CAN1_TX_IRQHandler      0x080019a1         Code  Wk  startup_stm32f407xx.o [1]
CAN2_RX0_IRQHandler     0x08001a49         Code  Wk  startup_stm32f407xx.o [1]
CAN2_RX1_IRQHandler     0x08001a4d         Code  Wk  startup_stm32f407xx.o [1]
CAN2_SCE_IRQHandler     0x08001a51         Code  Wk  startup_stm32f407xx.o [1]
CAN2_TX_IRQHandler      0x08001a45         Code  Wk  startup_stm32f407xx.o [1]
CSTACK$$Base            0x20000610          --   Gb  - Linker created -
CSTACK$$Limit           0x20002610          --   Gb  - Linker created -
DCMI_IRQHandler         0x08001a81         Code  Wk  startup_stm32f407xx.o [1]
DMA1_Stream0_IRQHandler
                        0x08001981         Code  Wk  startup_stm32f407xx.o [1]
DMA1_Stream1_IRQHandler
                        0x08001985         Code  Wk  startup_stm32f407xx.o [1]
DMA1_Stream2_IRQHandler
                        0x08001989         Code  Wk  startup_stm32f407xx.o [1]
DMA1_Stream3_IRQHandler
                        0x0800198d         Code  Wk  startup_stm32f407xx.o [1]
DMA1_Stream4_IRQHandler
                        0x08001991         Code  Wk  startup_stm32f407xx.o [1]
DMA1_Stream5_IRQHandler
                        0x08001995         Code  Wk  startup_stm32f407xx.o [1]
DMA1_Stream6_IRQHandler
                        0x08001999         Code  Wk  startup_stm32f407xx.o [1]
DMA1_Stream7_IRQHandler
                        0x08001a05         Code  Wk  startup_stm32f407xx.o [1]
DMA2_Stream0_IRQHandler
                        0x08001a29         Code  Wk  startup_stm32f407xx.o [1]
DMA2_Stream1_IRQHandler
                        0x08001a2d         Code  Wk  startup_stm32f407xx.o [1]
DMA2_Stream2_IRQHandler
                        0x08001a31         Code  Wk  startup_stm32f407xx.o [1]
DMA2_Stream3_IRQHandler
                        0x08001a35         Code  Wk  startup_stm32f407xx.o [1]
DMA2_Stream4_IRQHandler
                        0x08001a39         Code  Wk  startup_stm32f407xx.o [1]
DMA2_Stream5_IRQHandler
                        0x08001a59         Code  Wk  startup_stm32f407xx.o [1]
DMA2_Stream6_IRQHandler
                        0x08001a5d         Code  Wk  startup_stm32f407xx.o [1]
DMA2_Stream7_IRQHandler
                        0x08001a61         Code  Wk  startup_stm32f407xx.o [1]
DebugMon_Handler        0x08001951         Code  Wk  startup_stm32f407xx.o [1]
ETH_IRQHandler          0x08001a3d         Code  Wk  startup_stm32f407xx.o [1]
ETH_WKUP_IRQHandler     0x08001a41         Code  Wk  startup_stm32f407xx.o [1]
EXTI0_IRQHandler        0x08001841    0x6  Code  Gb  stm32f4xx_it.o [1]
EXTI15_10_IRQHandler    0x080019e9         Code  Wk  startup_stm32f407xx.o [1]
EXTI1_IRQHandler        0x08001971         Code  Wk  startup_stm32f407xx.o [1]
EXTI2_IRQHandler        0x08001975         Code  Wk  startup_stm32f407xx.o [1]
EXTI3_IRQHandler        0x08001979         Code  Wk  startup_stm32f407xx.o [1]
EXTI4_IRQHandler        0x0800197d         Code  Wk  startup_stm32f407xx.o [1]
EXTI9_5_IRQHandler      0x080019b1         Code  Wk  startup_stm32f407xx.o [1]
FLASH_IRQHandler        0x08001969         Code  Wk  startup_stm32f407xx.o [1]
FPU_IRQHandler          0x08001a89         Code  Wk  startup_stm32f407xx.o [1]
FSMC_IRQHandler         0x08001a09         Code  Wk  startup_stm32f407xx.o [1]
HAL_GPIO_EXTI_Callback  0x080006d9    0x2  Code  Gb  main.o [1]
HAL_GPIO_EXTI_IRQHandler
                        0x08000b5f   0x14  Code  Gb  stm32f4xx_hal_gpio.o [1]
HAL_GPIO_Init           0x080009bd  0x19a  Code  Gb  stm32f4xx_hal_gpio.o [1]
HAL_GPIO_WritePin       0x08000b57    0x8  Code  Gb  stm32f4xx_hal_gpio.o [1]
HAL_GetTick             0x08000c07    0x6  Code  Wk  stm32f4xx_hal.o [1]
HAL_IncTick             0x08000bfd    0xa  Code  Wk  stm32f4xx_hal.o [1]
HAL_Init                0x08000ba9   0x30  Code  Gb  stm32f4xx_hal.o [1]
HAL_InitTick            0x08000bd9   0x24  Code  Wk  stm32f4xx_hal.o [1]
HAL_MspInit             0x08001541   0x18  Code  Gb  stm32f4xx_hal_msp.o [1]
HAL_NVIC_EnableIRQ      0x080014df    0xc  Code  Gb  stm32f4xx_hal_cortex.o [1]
HAL_NVIC_SetPriority    0x0800149b   0x44  Code  Gb  stm32f4xx_hal_cortex.o [1]
HAL_NVIC_SetPriorityGrouping
                        0x08001481   0x1a  Code  Gb  stm32f4xx_hal_cortex.o [1]
HAL_RCC_ClockConfig     0x0800122f  0x17e  Code  Gb  stm32f4xx_hal_rcc.o [1]
HAL_RCC_GetHCLKFreq     0x08001401   0x1e  Code  Gb  stm32f4xx_hal_rcc.o [1]
HAL_RCC_GetSysClockFreq
                        0x080013bb   0x46  Code  Gb  stm32f4xx_hal_rcc.o [1]
HAL_RCC_OscConfig       0x08000fb1  0x276  Code  Gb  stm32f4xx_hal_rcc.o [1]
HAL_SPI_Init            0x0800071d   0x78  Code  Gb  stm32f4xx_hal_spi.o [1]
HAL_SPI_MspInit         0x08001559   0x38  Code  Gb  stm32f4xx_hal_msp.o [1]
HAL_SPI_Transmit        0x08000795   0xca  Code  Gb  stm32f4xx_hal_spi.o [1]
HAL_SYSTICK_Callback    0x0800153d    0x2  Code  Wk  stm32f4xx_hal_cortex.o [1]
HAL_SYSTICK_Config      0x080014f3   0x28  Code  Gb  stm32f4xx_hal_cortex.o [1]
HAL_SYSTICK_IRQHandler  0x08001535    0x8  Code  Gb  stm32f4xx_hal_cortex.o [1]
HAL_TIMEx_BreakCallback
                        0x08001613    0x2  Code  Wk  stm32f4xx_hal_tim_ex.o [1]
HAL_TIMEx_CommutationCallback
                        0x08001611    0x2  Code  Wk  stm32f4xx_hal_tim_ex.o [1]
HAL_TIM_Base_Init       0x08000c15   0x18  Code  Gb  stm32f4xx_hal_tim.o [1]
HAL_TIM_Base_MspInit    0x08001591   0x62  Code  Gb  stm32f4xx_hal_msp.o [1]
HAL_TIM_Base_Start_IT   0x08000c2d   0x16  Code  Gb  stm32f4xx_hal_tim.o [1]
HAL_TIM_ConfigClockSource
                        0x08000da5   0xb4  Code  Gb  stm32f4xx_hal_tim.o [1]
HAL_TIM_IC_CaptureCallback
                        0x08000e7b    0x2  Code  Wk  stm32f4xx_hal_tim.o [1]
HAL_TIM_IRQHandler      0x08000c5b  0x14a  Code  Gb  stm32f4xx_hal_tim.o [1]
HAL_TIM_OC_DelayElapsedCallback
                        0x08000e79    0x2  Code  Wk  stm32f4xx_hal_tim.o [1]
HAL_TIM_PWM_PulseFinishedCallback
                        0x08000e7d    0x2  Code  Wk  stm32f4xx_hal_tim.o [1]
HAL_TIM_PeriodElapsedCallback
                        0x080005d7   0xaa  Code  Gb  main.o [1]
HAL_TIM_TriggerCallback
                        0x08000e7f    0x2  Code  Wk  stm32f4xx_hal_tim.o [1]
HASH_RNG_IRQHandler     0x08001a85         Code  Wk  startup_stm32f407xx.o [1]
HardFault_Handler       0x0800193d         Code  Wk  startup_stm32f407xx.o [1]
I2C1_ER_IRQHandler      0x080019c9         Code  Wk  startup_stm32f407xx.o [1]
I2C1_EV_IRQHandler      0x080019c5         Code  Wk  startup_stm32f407xx.o [1]
I2C2_ER_IRQHandler      0x080019d1         Code  Wk  startup_stm32f407xx.o [1]
I2C2_EV_IRQHandler      0x080019cd         Code  Wk  startup_stm32f407xx.o [1]
I2C3_ER_IRQHandler      0x08001a6d         Code  Wk  startup_stm32f407xx.o [1]
I2C3_EV_IRQHandler      0x08001a69         Code  Wk  startup_stm32f407xx.o [1]
InStream_Read           0x08001615   0x22  Code  Lc  lz77_init.o [5]
MX_GPIO_Init            0x08000467  0x134  Code  Lc  main.o [1]
MemManage_Handler       0x08001941         Code  Wk  startup_stm32f407xx.o [1]
NMI_Handler             0x08001939         Code  Wk  startup_stm32f407xx.o [1]
NVIC_GetPriorityGrouping
                        0x0800145d    0xa  Code  Lc  stm32f4xx_hal_cortex.o [1]
NVIC_SetPriority        0x08001467   0x1a  Code  Lc  stm32f4xx_hal_cortex.o [1]
OTG_FS_IRQHandler       0x08001a55         Code  Wk  startup_stm32f407xx.o [1]
OTG_FS_WKUP_IRQHandler  0x080019f1         Code  Wk  startup_stm32f407xx.o [1]
OTG_HS_EP1_IN_IRQHandler
                        0x08001a75         Code  Wk  startup_stm32f407xx.o [1]
OTG_HS_EP1_OUT_IRQHandler
                        0x08001a71         Code  Wk  startup_stm32f407xx.o [1]
OTG_HS_IRQHandler       0x08001a7d         Code  Wk  startup_stm32f407xx.o [1]
OTG_HS_WKUP_IRQHandler  0x08001a79         Code  Wk  startup_stm32f407xx.o [1]
OutStream_Write         0x08001637   0x40  Code  Lc  lz77_init.o [5]
PVD_IRQHandler          0x0800195d         Code  Wk  startup_stm32f407xx.o [1]
PendSV_Handler          0x08001955         Code  Wk  startup_stm32f407xx.o [1]
RCC_IRQHandler          0x0800196d         Code  Wk  startup_stm32f407xx.o [1]
RTC_Alarm_IRQHandler    0x080019ed         Code  Wk  startup_stm32f407xx.o [1]
RTC_WKUP_IRQHandler     0x08001965         Code  Wk  startup_stm32f407xx.o [1]
Region$$Table$$Base     0x080018c0          --   Gb  - Linker created -
Region$$Table$$Limit    0x080018ec          --   Gb  - Linker created -
Reset_Handler           0x0800191d         Code  Wk  startup_stm32f407xx.o [1]
SDIO_IRQHandler         0x08001a0d         Code  Wk  startup_stm32f407xx.o [1]
SPI1_IRQHandler         0x080019d5         Code  Wk  startup_stm32f407xx.o [1]
SPI2_IRQHandler         0x080019d9         Code  Wk  startup_stm32f407xx.o [1]
SPI3_IRQHandler         0x08001a15         Code  Wk  startup_stm32f407xx.o [1]
SPI_WaitOnFlagUntilTimeout
                        0x08000923   0x98  Code  Lc  stm32f4xx_hal_spi.o [1]
SVC_Handler             0x0800194d         Code  Wk  startup_stm32f407xx.o [1]
SysTick_Handler         0x08001847    0xe  Code  Gb  stm32f4xx_it.o [1]
SystemClock_Config      0x08000403   0x64  Code  Gb  main.o [1]
SystemCoreClock         0x200004c4    0x4  Data  Gb  system_stm32f4xx.o [1]
SystemInit              0x080017f1   0x3a  Code  Gb  system_stm32f4xx.o [1]
TAMP_STAMP_IRQHandler   0x08001961         Code  Wk  startup_stm32f407xx.o [1]
TIM1_BRK_TIM9_IRQHandler
                        0x08001861    0x6  Code  Gb  stm32f4xx_it.o [1]
TIM1_CC_IRQHandler      0x080019b5         Code  Wk  startup_stm32f407xx.o [1]
TIM1_TRG_COM_TIM11_IRQHandler
                        0x08001855    0x6  Code  Gb  stm32f4xx_it.o [1]
TIM1_UP_TIM10_IRQHandler
                        0x0800185b    0x6  Code  Gb  stm32f4xx_it.o [1]
TIM2_IRQHandler         0x080019b9         Code  Wk  startup_stm32f407xx.o [1]
TIM3_IRQHandler         0x080019bd         Code  Wk  startup_stm32f407xx.o [1]
TIM4_IRQHandler         0x080019c1         Code  Wk  startup_stm32f407xx.o [1]
TIM5_IRQHandler         0x08001a11         Code  Wk  startup_stm32f407xx.o [1]
TIM6_DAC_IRQHandler     0x08001a21         Code  Wk  startup_stm32f407xx.o [1]
TIM7_IRQHandler         0x08001a25         Code  Wk  startup_stm32f407xx.o [1]
TIM8_BRK_TIM12_IRQHandler
                        0x080019f5         Code  Wk  startup_stm32f407xx.o [1]
TIM8_CC_IRQHandler      0x08001a01         Code  Wk  startup_stm32f407xx.o [1]
TIM8_TRG_COM_TIM14_IRQHandler
                        0x080019fd         Code  Wk  startup_stm32f407xx.o [1]
TIM8_UP_TIM13_IRQHandler
                        0x080019f9         Code  Wk  startup_stm32f407xx.o [1]
TIM_Base_SetConfig      0x08000e81   0x90  Code  Gb  stm32f4xx_hal_tim.o [1]
TIM_ETR_SetConfig       0x08000f9b   0x14  Code  Lc  stm32f4xx_hal_tim.o [1]
TIM_ITRx_SetConfig      0x08000f8b   0x10  Code  Lc  stm32f4xx_hal_tim.o [1]
TIM_TI1_ConfigInputStage
                        0x08000f45   0x22  Code  Lc  stm32f4xx_hal_tim.o [1]
TIM_TI2_ConfigInputStage
                        0x08000f67   0x24  Code  Lc  stm32f4xx_hal_tim.o [1]
UART4_IRQHandler        0x08001a19         Code  Wk  startup_stm32f407xx.o [1]
UART5_IRQHandler        0x08001a1d         Code  Wk  startup_stm32f407xx.o [1]
USART1_IRQHandler       0x080019dd         Code  Wk  startup_stm32f407xx.o [1]
USART2_IRQHandler       0x080019e1         Code  Wk  startup_stm32f407xx.o [1]
USART3_IRQHandler       0x080019e5         Code  Wk  startup_stm32f407xx.o [1]
USART6_IRQHandler       0x08001a65         Code  Wk  startup_stm32f407xx.o [1]
UsageFault_Handler      0x08001949         Code  Wk  startup_stm32f407xx.o [1]
WWDG_IRQHandler         0x08001959         Code  Wk  startup_stm32f407xx.o [1]
__aeabi_llsr            0x080006fd         Code  Gb  U64Shr.o [5]
__cmain                 0x080018ed         Code  Gb  cmain.o [5]
__exit                  0x080017dd   0x14  Code  Gb  exit.o [6]
__iar_data_init3        0x08001875   0x28  Code  Gb  data_init.o [5]
__iar_init_vfp          0x0800189d         Code  Gb  fpinit_M.o [4]
__iar_lz77_init3        0x08001677  0x160  Code  Gb  lz77_init.o [5]
__iar_program_start     0x0800192d         Code  Gb  cstartup_M.o [5]
__iar_zero_init3        0x080006db   0x22  Code  Gb  zero_init3.o [5]
__low_level_init        0x08001907    0x4  Code  Gb  low_level_init.o [3]
__vector_table          0x08000000         Data  Gb  startup_stm32f407xx.o [1]
_call_main              0x080018f9         Code  Gb  cmain.o [5]
_exit                   0x08001911         Code  Gb  cexit.o [5]
_main                   0x08001903         Code  Gb  cmain.o [5]
aData_Play              0x2000007c   0x2c  Data  Gb  main.o [1]
abort                   0x080017d7    0x6  Code  Gb  abort.o [3]
bData_Play              0x20000108   0x30  Data  Gb  main.o [1]
bufferData              0x200005d4   0x20  Data  Gb  main.o [1]
cData_Play              0x200003ec   0x20  Data  Gb  main.o [1]
char_Play               0x20000598   0x3c  Data  Gb  main.o [1]
countLine               0x2000006c    0x4  Data  Gb  main.o [1]
counterChanges          0x20000068    0x4  Data  Gb  main.o [1]
counterLetters          0x20000070    0x4  Data  Gb  main.o [1]
counter_An              0x20000078    0x4  Data  Gb  main.o [1]
create_bufferData       0x08000215   0x38  Code  Gb  main.o [1]
create_pData            0x08000189   0x8c  Code  Gb  main.o [1]
dData_Play              0x20000168   0x2c  Data  Gb  main.o [1]
data_An                 0x20000100    0x8  Data  Gb  main.o [1]
data_Bl                 0x200000b8    0x8  Data  Gb  main.o [1]
data_Gr                 0x200000a8    0x8  Data  Gb  main.o [1]
data_Rd                 0x200000b0    0x8  Data  Gb  main.o [1]
eData_Play              0x20000194   0x2c  Data  Gb  main.o [1]
exit                    0x0800190b    0x4  Code  Gb  exit.o [3]
fData_Play              0x20000338   0x24  Data  Gb  main.o [1]
gData_Play              0x20000270   0x28  Data  Gb  main.o [1]
hData_Play              0x200001c0   0x2c  Data  Gb  main.o [1]
hspi2                   0x200004c8   0x58  Data  Gb  main.o [1]
htim10                  0x20000520   0x3c  Data  Gb  main.o [1]
htim11                  0x2000055c   0x3c  Data  Gb  main.o [1]
htim9                   0x200000c0   0x3c  Data  Gb  main.o [1]
iData_Play              0x2000044c   0x1c  Data  Gb  main.o [1]
jData_Play              0x20000484   0x18  Data  Gb  main.o [1]
kData_Play              0x2000035c   0x24  Data  Gb  main.o [1]
lData_Play              0x20000468   0x1c  Data  Gb  main.o [1]
lEtters                 0x20000000   0x68  Data  Gb  main.o [1]
mData_Play              0x200001ec   0x2c  Data  Gb  main.o [1]
main                    0x08000343   0xc0  Code  Gb  main.o [1]
nData_Play              0x20000218   0x2c  Data  Gb  main.o [1]
oData_Play              0x20000298   0x28  Data  Gb  main.o [1]
pData                   0x200005f4   0x18  Data  Gb  main.o [1]
pData_Play              0x200002c0   0x28  Data  Gb  main.o [1]
qData_Play              0x20000244   0x2c  Data  Gb  main.o [1]
rData_Play              0x20000138   0x30  Data  Gb  main.o [1]
sData_Play              0x2000040c   0x20  Data  Gb  main.o [1]
send_Data               0x0800024d   0x4e  Code  Gb  main.o [1]
set_Char                0x0800031d   0x26  Code  Gb  main.o [1]
setcolour               0x20000074    0x4  Data  Gb  main.o [1]
tData_Play              0x20000380   0x24  Data  Gb  main.o [1]
uData_Play              0x200003a4   0x24  Data  Gb  main.o [1]
uwTick                  0x2000060c    0x4  Data  Lc  stm32f4xx_hal.o [1]
vData_Play              0x2000042c   0x20  Data  Gb  main.o [1]
wData_Play              0x200002e8   0x28  Data  Gb  main.o [1]
writte_Char             0x080002bd   0x60  Code  Gb  main.o [1]
xData_Play              0x200003c8   0x24  Data  Gb  main.o [1]
yData_Play              0x2000049c   0x18  Data  Gb  main.o [1]
zData_Play              0x20000310   0x28  Data  Gb  main.o [1]
zero_matrix             0x080002a5   0x18  Code  Gb  main.o [1]


[1] = D:\REPOSITORY\GIT\cube_matrix\Matrix3x2 407\Matrix_6_407\EWARM\Matrix_6_407 Configuration\Obj
[2] = command line
[3] = dl7M_tln.a
[4] = m7M_tlv.a
[5] = rt7M_tl.a
[6] = shb_l.a

  6 750 bytes of readonly  code memory
    722 bytes of readonly  data memory
  9 744 bytes of readwrite data memory

Errors: none
Warnings: none
